<?xml version="1.0" encoding="utf-8"?>
<TestRun id="e977e7c5-8105-4d98-9335-32afd32d9603" name="JCharles@W365-DEV-OYPA6 2026-05-04 14:28:24" runUser="CORP\JCharles" xmlns="http://microsoft.com/schemas/VisualStudio/TeamTest/2010">
  <Times creation="2026-05-04T14:28:24.0814693-04:00" queuing="2026-05-04T14:28:24.0814699-04:00" start="2026-05-04T14:28:18.3314974-04:00" finish="2026-05-04T14:28:24.3311945-04:00" />
  <TestSettings name="default" id="42219074-f01d-45b6-a2ca-3ed2a2692cde">
    <Deployment runDeploymentRoot="JCharles_W365-DEV-OYPA6_2026-05-04_14_28_24" />
  </TestSettings>
  <Results>
    <UnitTestResult executionId="00afcdf4-1ebb-4059-8291-d4e8ae191853" testId="b9432633-8180-8fdf-68af-77216f2ca085" testName="BasePluginTests.BasePluginTests.Execute_traces_and_rethrows_unhandled_exception" computerName="W365-DEV-OYPA6" duration="00:00:00.2765996" startTime="2026-05-04T14:28:23.9456152-04:00" endTime="2026-05-04T14:28:24.2227483-04:00" testType="13cdc9d9-ddb5-4fa4-a97d-d965ccfc6d4b" outcome="Passed" testListId="8c84fa94-04c1-424b-9868-57a2d4851a1d" relativeResultsDirectory="00afcdf4-1ebb-4059-8291-d4e8ae191853" />
    <UnitTestResult executionId="59dd84a6-90e0-4039-953c-2cc4ee10e65d" testId="b3b0738e-fb65-65c9-dc0a-e1c91c0b93af" testName="BasePluginTests.BasePluginTests.Execute_throws_and_traces_when_service_factory_missing" computerName="W365-DEV-OYPA6" duration="00:00:00.0012503" startTime="2026-05-04T14:28:24.2425231-04:00" endTime="2026-05-04T14:28:24.2436516-04:00" testType="13cdc9d9-ddb5-4fa4-a97d-d965ccfc6d4b" outcome="Passed" testListId="8c84fa94-04c1-424b-9868-57a2d4851a1d" relativeResultsDirectory="59dd84a6-90e0-4039-953c-2cc4ee10e65d" />
    <UnitTestResult executionId="aef3aa54-1b86-4e22-8ba0-02f23bd49511" testId="e0c3a7db-2a17-b083-ab1e-4eb88f5ad0b5" testName="BasePluginTests.Infrastructure.PluginServiceResolverTests.Resolve_traces_and_throws_when_service_factory_missing" computerName="W365-DEV-OYPA6" duration="00:00:00.8763879" startTime="2026-05-04T14:28:23.2110435-04:00" endTime="2026-05-04T14:28:24.0570391-04:00" testType="13cdc9d9-ddb5-4fa4-a97d-d965ccfc6d4b" outcome="Passed" testListId="8c84fa94-04c1-424b-9868-57a2d4851a1d" relativeResultsDirectory="aef3aa54-1b86-4e22-8ba0-02f23bd49511" />
    <UnitTestResult executionId="028e0e7a-287f-472b-a181-4cdd6778e8e9" testId="71b71f37-65bd-d8bc-76e3-08f0fca96c75" testName="BasePluginTests.BasePluginTests.Execute_invokes_child_logic_with_org_service_from_factory" computerName="W365-DEV-OYPA6" duration="00:00:00.0061783" startTime="2026-05-04T14:28:24.2334013-04:00" endTime="2026-05-04T14:28:24.2395161-04:00" testType="13cdc9d9-ddb5-4fa4-a97d-d965ccfc6d4b" outcome="Passed" testListId="8c84fa94-04c1-424b-9868-57a2d4851a1d" relativeResultsDirectory="028e0e7a-287f-472b-a181-4cdd6778e8e9" />
    <UnitTestResult executionId="2c344b93-7857-42d5-8da3-74ac3d7714ac" testId="a85c47a0-83b9-daee-8bda-df493e3e57a9" testName="BasePluginTests.BasePluginTests.Execute_marks_async_service_protection_fault_for_retry" computerName="W365-DEV-OYPA6" duration="00:00:00.0037867" startTime="2026-05-04T14:28:24.2230509-04:00" endTime="2026-05-04T14:28:24.2262422-04:00" testType="13cdc9d9-ddb5-4fa4-a97d-d965ccfc6d4b" outcome="Passed" testListId="8c84fa94-04c1-424b-9868-57a2d4851a1d" relativeResultsDirectory="2c344b93-7857-42d5-8da3-74ac3d7714ac" />
    <UnitTestResult executionId="6d25b50c-48a9-4a7f-a1c0-303406769dc7" testId="26023559-b054-a818-9881-1d25da431500" testName="BasePluginTests.BasePluginTests.Execute_throws_when_service_provider_is_null" computerName="W365-DEV-OYPA6" duration="00:00:00.0006899" startTime="2026-05-04T14:28:24.2447491-04:00" endTime="2026-05-04T14:28:24.2448118-04:00" testType="13cdc9d9-ddb5-4fa4-a97d-d965ccfc6d4b" outcome="Passed" testListId="8c84fa94-04c1-424b-9868-57a2d4851a1d" relativeResultsDirectory="6d25b50c-48a9-4a7f-a1c0-303406769dc7" />
    <UnitTestResult executionId="dd09aaa3-665f-41c8-9026-32ac758af2bd" testId="0d2d7fd4-23c9-0323-b11e-c3cb5af2dbcd" testName="BasePluginTests.BasePluginTests.Execute_throws_and_traces_when_context_missing" computerName="W365-DEV-OYPA6" duration="00:00:00.0017727" startTime="2026-05-04T14:28:24.2314903-04:00" endTime="2026-05-04T14:28:24.2332169-04:00" testType="13cdc9d9-ddb5-4fa4-a97d-d965ccfc6d4b" outcome="Passed" testListId="8c84fa94-04c1-424b-9868-57a2d4851a1d" relativeResultsDirectory="dd09aaa3-665f-41c8-9026-32ac758af2bd" />
    <UnitTestResult executionId="d27e8e2c-ddf8-4b4c-9e98-5f1bda9f52b1" testId="60d99fed-1bf8-50b2-39c6-186d47e318b1" testName="BasePluginTests.Telemetry.TelemetryAdapterTests.BuildCommonProperties_includes_context_metadata" computerName="W365-DEV-OYPA6" duration="00:00:00.0987883" startTime="2026-05-04T14:28:23.9742191-04:00" endTime="2026-05-04T14:28:24.0621033-04:00" testType="13cdc9d9-ddb5-4fa4-a97d-d965ccfc6d4b" outcome="Passed" testListId="8c84fa94-04c1-424b-9868-57a2d4851a1d" relativeResultsDirectory="d27e8e2c-ddf8-4b4c-9e98-5f1bda9f52b1" />
    <UnitTestResult executionId="78a91014-4cec-4269-ae04-a24a0243ad6a" testId="d806a7de-a9d8-cb41-1cf7-862e4828b3a9" testName="BasePluginTests.Infrastructure.PluginServiceResolverTests.Resolve_returns_services_when_identities_differ" computerName="W365-DEV-OYPA6" duration="00:00:00.0029253" startTime="2026-05-04T14:28:24.2260826-04:00" endTime="2026-05-04T14:28:24.2285273-04:00" testType="13cdc9d9-ddb5-4fa4-a97d-d965ccfc6d4b" outcome="Passed" testListId="8c84fa94-04c1-424b-9868-57a2d4851a1d" relativeResultsDirectory="78a91014-4cec-4269-ae04-a24a0243ad6a" />
    <UnitTestResult executionId="7e99ebe5-ae04-466e-afd2-8e658d95874b" testId="b6b04747-0c5f-c52b-5c87-c3a4a4304dd3" testName="BasePluginTests.Validation.ContextInputExtensionsTests.GetRequiredInputParameter_returns_typed_value_when_present" computerName="W365-DEV-OYPA6" duration="00:00:00.0011664" startTime="2026-05-04T14:28:24.0619775-04:00" endTime="2026-05-04T14:28:24.0648642-04:00" testType="13cdc9d9-ddb5-4fa4-a97d-d965ccfc6d4b" outcome="Passed" testListId="8c84fa94-04c1-424b-9868-57a2d4851a1d" relativeResultsDirectory="7e99ebe5-ae04-466e-afd2-8e658d95874b" />
    <UnitTestResult executionId="6816722d-a0b1-4484-b670-75f83e3a4895" testId="626fa213-2d79-f784-f757-7e594dcfb344" testName="BasePluginTests.Exceptions.PluginExceptionFactoryTests.CreateUserSafeException_requests_retry_for_async_timeout" computerName="W365-DEV-OYPA6" duration="00:00:00.0044922" startTime="2026-05-04T14:28:24.2117960-04:00" endTime="2026-05-04T14:28:24.2149670-04:00" testType="13cdc9d9-ddb5-4fa4-a97d-d965ccfc6d4b" outcome="Passed" testListId="8c84fa94-04c1-424b-9868-57a2d4851a1d" relativeResultsDirectory="6816722d-a0b1-4484-b670-75f83e3a4895" />
    <UnitTestResult executionId="b42849c6-af1f-4a0d-829d-84b291ebdd06" testId="3c143c4c-16c9-704f-2f1c-3636924c39d8" testName="BasePluginTests.Exceptions.PluginExceptionFactoryTests.CreateUserSafeException_requests_retry_for_async_service_protection_fault" computerName="W365-DEV-OYPA6" duration="00:00:00.0067635" startTime="2026-05-04T14:28:24.2153698-04:00" endTime="2026-05-04T14:28:24.2223043-04:00" testType="13cdc9d9-ddb5-4fa4-a97d-d965ccfc6d4b" outcome="Passed" testListId="8c84fa94-04c1-424b-9868-57a2d4851a1d" relativeResultsDirectory="b42849c6-af1f-4a0d-829d-84b291ebdd06" />
    <UnitTestResult executionId="1c00a16a-3e80-4188-8de2-cc81bf187425" testId="e2fa41a4-8505-3bb4-5e4e-fc7ab3854006" testName="BasePluginTests.Telemetry.TelemetryAdapterTests.Disabled_adapter_noops_and_does_not_throw" computerName="W365-DEV-OYPA6" duration="00:00:00.0069537" startTime="2026-05-04T14:28:23.9722413-04:00" endTime="2026-05-04T14:28:23.9724011-04:00" testType="13cdc9d9-ddb5-4fa4-a97d-d965ccfc6d4b" outcome="Passed" testListId="8c84fa94-04c1-424b-9868-57a2d4851a1d" relativeResultsDirectory="1c00a16a-3e80-4188-8de2-cc81bf187425" />
    <UnitTestResult executionId="1c3c4265-bf22-4d3a-9742-0429c0802937" testId="a04dab59-2123-8e37-e560-336ee5e46970" testName="BasePluginTests.Diagnostics.TracingExtensionsTests.TraceWithContext_includes_label_in_trace_arguments" computerName="W365-DEV-OYPA6" duration="00:00:00.0065045" startTime="2026-05-04T14:28:24.0567885-04:00" endTime="2026-05-04T14:28:24.0658815-04:00" testType="13cdc9d9-ddb5-4fa4-a97d-d965ccfc6d4b" outcome="Passed" testListId="8c84fa94-04c1-424b-9868-57a2d4851a1d" relativeResultsDirectory="1c3c4265-bf22-4d3a-9742-0429c0802937" />
    <UnitTestResult executionId="ff76001d-32de-435c-82e8-bdbee477ec3f" testId="76f8279d-8cdb-0af9-1b49-f4b7d5be9acc" testName="BasePluginTests.Telemetry.TelemetryAdapterTests.CloneWith_adds_value_when_not_empty_and_keeps_existing" computerName="W365-DEV-OYPA6" duration="00:00:00.7625843" startTime="2026-05-04T14:28:23.2111642-04:00" endTime="2026-05-04T14:28:23.9526641-04:00" testType="13cdc9d9-ddb5-4fa4-a97d-d965ccfc6d4b" outcome="Passed" testListId="8c84fa94-04c1-424b-9868-57a2d4851a1d" relativeResultsDirectory="ff76001d-32de-435c-82e8-bdbee477ec3f" />
    <UnitTestResult executionId="890300d9-f6cc-45e9-8524-2b386182e4fc" testId="b72c921e-83e1-c321-d5ab-c1ea27f143d9" testName="BasePluginTests.Infrastructure.PluginServiceResolverTests.Resolve_reuses_execution_service_when_identities_match" computerName="W365-DEV-OYPA6" duration="00:00:00.1662548" startTime="2026-05-04T14:28:24.0615199-04:00" endTime="2026-05-04T14:28:24.2237476-04:00" testType="13cdc9d9-ddb5-4fa4-a97d-d965ccfc6d4b" outcome="Passed" testListId="8c84fa94-04c1-424b-9868-57a2d4851a1d" relativeResultsDirectory="890300d9-f6cc-45e9-8524-2b386182e4fc" />
    <UnitTestResult executionId="10fa99c3-6029-4856-9b47-90de030fad03" testId="2922b961-6266-a8ee-8a9c-0a75a8831b6d" testName="BasePluginTests.Validation.ContextInputExtensionsTests.GetInputParameter_returns_default_when_missing_or_null" computerName="W365-DEV-OYPA6" duration="00:00:00.0007571" startTime="2026-05-04T14:28:24.0651613-04:00" endTime="2026-05-04T14:28:24.0656379-04:00" testType="13cdc9d9-ddb5-4fa4-a97d-d965ccfc6d4b" outcome="Passed" testListId="8c84fa94-04c1-424b-9868-57a2d4851a1d" relativeResultsDirectory="10fa99c3-6029-4856-9b47-90de030fad03" />
    <UnitTestResult executionId="f6934649-2003-4c0b-bcf3-eb77a89d857e" testId="3b63671c-e43c-ba22-dadd-e071000587ca" testName="BasePluginTests.Telemetry.TelemetryTracingServiceTests.Trace_skips_inner_when_duplication_disabled" computerName="W365-DEV-OYPA6" duration="00:00:00.8543880" startTime="2026-05-04T14:28:23.2110910-04:00" endTime="2026-05-04T14:28:24.0491828-04:00" testType="13cdc9d9-ddb5-4fa4-a97d-d965ccfc6d4b" outcome="Passed" testListId="8c84fa94-04c1-424b-9868-57a2d4851a1d" relativeResultsDirectory="f6934649-2003-4c0b-bcf3-eb77a89d857e" />
    <UnitTestResult executionId="b59fb834-ec5b-4abe-8075-ce33c1787a18" testId="c316692e-129e-3eb5-6bbf-44ab11a857e5" testName="BasePluginTests.Telemetry.TelemetryAdapterTests.CloneWith_ignores_empty_key_or_value" computerName="W365-DEV-OYPA6" duration="00:00:00.0047840" startTime="2026-05-04T14:28:24.0655421-04:00" endTime="2026-05-04T14:28:24.0679416-04:00" testType="13cdc9d9-ddb5-4fa4-a97d-d965ccfc6d4b" outcome="Passed" testListId="8c84fa94-04c1-424b-9868-57a2d4851a1d" relativeResultsDirectory="b59fb834-ec5b-4abe-8075-ce33c1787a18" />
    <UnitTestResult executionId="1a451ffd-6546-4b19-acf8-88dfaedfdcfd" testId="949c1d64-1bcb-358b-1189-c22fec0afb8c" testName="BasePluginTests.Diagnostics.TracingExtensionsTests.TraceWithContext_includes_plugin_type_and_context_metadata" computerName="W365-DEV-OYPA6" duration="00:00:00.0037000" startTime="2026-05-04T14:28:24.0675250-04:00" endTime="2026-05-04T14:28:24.0682791-04:00" testType="13cdc9d9-ddb5-4fa4-a97d-d965ccfc6d4b" outcome="Passed" testListId="8c84fa94-04c1-424b-9868-57a2d4851a1d" relativeResultsDirectory="1a451ffd-6546-4b19-acf8-88dfaedfdcfd" />
    <UnitTestResult executionId="fa8ef2dc-cf5e-4d55-a297-2ded2048ad1a" testId="6e78f5b1-d016-57a3-debf-d4445e2384e2" testName="BasePluginTests.Exceptions.PluginExceptionFactoryTests.CreateUserSafeException_uses_async_message_for_async_non_transient_failure" computerName="W365-DEV-OYPA6" duration="00:00:00.0005611" startTime="2026-05-04T14:28:24.2233194-04:00" endTime="2026-05-04T14:28:24.2235972-04:00" testType="13cdc9d9-ddb5-4fa4-a97d-d965ccfc6d4b" outcome="Passed" testListId="8c84fa94-04c1-424b-9868-57a2d4851a1d" relativeResultsDirectory="fa8ef2dc-cf5e-4d55-a297-2ded2048ad1a" />
    <UnitTestResult executionId="8e0ad8b9-39bb-4000-9183-5bbaed89e767" testId="270889c0-4911-4ca6-4db8-ac7b432e151b" testName="BasePluginTests.Telemetry.TelemetryTracingServiceTests.Trace_invokes_inner_when_duplication_enabled" computerName="W365-DEV-OYPA6" duration="00:00:00.0095336" startTime="2026-05-04T14:28:24.0502604-04:00" endTime="2026-05-04T14:28:24.0509103-04:00" testType="13cdc9d9-ddb5-4fa4-a97d-d965ccfc6d4b" outcome="Passed" testListId="8c84fa94-04c1-424b-9868-57a2d4851a1d" relativeResultsDirectory="8e0ad8b9-39bb-4000-9183-5bbaed89e767" />
    <UnitTestResult executionId="d5e382dc-aed6-4782-b195-13f78626277d" testId="c6942d0c-22b0-b1ad-82c5-b246e08899fb" testName="BasePluginTests.BasePluginTests.Execute_traces_and_rethrows_business_exception" computerName="W365-DEV-OYPA6" duration="00:00:00.0026654" startTime="2026-05-04T14:28:24.2397771-04:00" endTime="2026-05-04T14:28:24.2422903-04:00" testType="13cdc9d9-ddb5-4fa4-a97d-d965ccfc6d4b" outcome="Passed" testListId="8c84fa94-04c1-424b-9868-57a2d4851a1d" relativeResultsDirectory="d5e382dc-aed6-4782-b195-13f78626277d" />
    <UnitTestResult executionId="ddde9de7-98b6-4d98-a000-f5325cee238f" testId="013eaa85-b2ce-bbf4-d309-30f5a51ea399" testName="BasePluginTests.BasePluginMetricsTests.Does_not_emit_metrics_when_disabled" computerName="W365-DEV-OYPA6" duration="00:00:00.0019409" startTime="2026-05-04T14:28:24.2220124-04:00" endTime="2026-05-04T14:28:24.2234431-04:00" testType="13cdc9d9-ddb5-4fa4-a97d-d965ccfc6d4b" outcome="Passed" testListId="8c84fa94-04c1-424b-9868-57a2d4851a1d" relativeResultsDirectory="ddde9de7-98b6-4d98-a000-f5325cee238f" />
    <UnitTestResult executionId="b86bc23f-cc72-4bc8-97bb-e6a3becd7d19" testId="0fec8720-e04e-6fad-45bd-bd9b79581deb" testName="BasePluginTests.Telemetry.TelemetryAdapterTests.TraceTelemetryDisabledOnce_traces_only_once" computerName="W365-DEV-OYPA6" duration="00:00:00.0013526" startTime="2026-05-04T14:28:24.0624469-04:00" endTime="2026-05-04T14:28:24.0652666-04:00" testType="13cdc9d9-ddb5-4fa4-a97d-d965ccfc6d4b" outcome="Passed" testListId="8c84fa94-04c1-424b-9868-57a2d4851a1d" relativeResultsDirectory="b86bc23f-cc72-4bc8-97bb-e6a3becd7d19" />
    <UnitTestResult executionId="7a1b0052-6228-4b6f-8418-7f004e1dcfc4" testId="5f125676-d200-e23a-1b03-e4517e313495" testName="BasePluginTests.Exceptions.PluginExceptionFactoryTests.CreateUserSafeException_omits_reference_when_correlation_missing" computerName="W365-DEV-OYPA6" duration="00:00:00.0005941" startTime="2026-05-04T14:28:24.2226348-04:00" endTime="2026-05-04T14:28:24.2231045-04:00" testType="13cdc9d9-ddb5-4fa4-a97d-d965ccfc6d4b" outcome="Passed" testListId="8c84fa94-04c1-424b-9868-57a2d4851a1d" relativeResultsDirectory="7a1b0052-6228-4b6f-8418-7f004e1dcfc4" />
    <UnitTestResult executionId="e383c351-0501-4c72-a9f8-1b545c556aa0" testId="1f393107-6776-0e8d-35ea-34f30c88b20e" testName="BasePluginTests.BasePluginMetricsTests.Emits_metrics_for_counts_and_duration_when_enabled" computerName="W365-DEV-OYPA6" duration="00:00:01.0399538" startTime="2026-05-04T14:28:23.2111324-04:00" endTime="2026-05-04T14:28:24.2216573-04:00" testType="13cdc9d9-ddb5-4fa4-a97d-d965ccfc6d4b" outcome="Passed" testListId="8c84fa94-04c1-424b-9868-57a2d4851a1d" relativeResultsDirectory="e383c351-0501-4c72-a9f8-1b545c556aa0" />
    <UnitTestResult executionId="4d724f52-5102-49b1-87cf-8be8eafb937d" testId="e49d01a6-d065-9d63-0d4f-0fbda944b2ec" testName="BasePluginTests.Diagnostics.TracingExtensionsTests.TraceWithContext_swallows_exceptions_from_tracing_implementation" computerName="W365-DEV-OYPA6" duration="00:00:00.0242906" startTime="2026-05-04T14:28:24.0490083-04:00" endTime="2026-05-04T14:28:24.0564765-04:00" testType="13cdc9d9-ddb5-4fa4-a97d-d965ccfc6d4b" outcome="Passed" testListId="8c84fa94-04c1-424b-9868-57a2d4851a1d" relativeResultsDirectory="4d724f52-5102-49b1-87cf-8be8eafb937d" />
    <UnitTestResult executionId="4c2ce31e-eeec-41d1-be65-05172f19b7ad" testId="e234c782-95ee-d6d4-f03d-cee1ad1a7cfa" testName="BasePluginTests.Diagnostics.TracingExtensionsTests.TraceWithContext_is_noop_when_tracing_null" computerName="W365-DEV-OYPA6" duration="00:00:00.8460394" startTime="2026-05-04T14:28:23.2092616-04:00" endTime="2026-05-04T14:28:24.0320657-04:00" testType="13cdc9d9-ddb5-4fa4-a97d-d965ccfc6d4b" outcome="Passed" testListId="8c84fa94-04c1-424b-9868-57a2d4851a1d" relativeResultsDirectory="4c2ce31e-eeec-41d1-be65-05172f19b7ad" />
    <UnitTestResult executionId="5cbc4147-9453-4916-9213-a5a50882ff13" testId="616cb406-caad-ead1-6961-dab90b9f4096" testName="BasePluginTests.BasePluginTests.Execution_presents_reference_id_on_unhandled_exception" computerName="W365-DEV-OYPA6" duration="00:00:00.0014048" startTime="2026-05-04T14:28:24.2300328-04:00" endTime="2026-05-04T14:28:24.2313140-04:00" testType="13cdc9d9-ddb5-4fa4-a97d-d965ccfc6d4b" outcome="Passed" testListId="8c84fa94-04c1-424b-9868-57a2d4851a1d" relativeResultsDirectory="5cbc4147-9453-4916-9213-a5a50882ff13" />
    <UnitTestResult executionId="a2b96544-2721-4f31-a3d7-ded1017f113c" testId="a5e3b4b8-120b-0dfb-8b6d-0384779ea2e1" testName="BasePluginTests.Telemetry.TelemetryTracingServiceTests.Trace_handles_null_format_gracefully" computerName="W365-DEV-OYPA6" duration="00:00:00.0036946" startTime="2026-05-04T14:28:24.0511913-04:00" endTime="2026-05-04T14:28:24.0544880-04:00" testType="13cdc9d9-ddb5-4fa4-a97d-d965ccfc6d4b" outcome="Passed" testListId="8c84fa94-04c1-424b-9868-57a2d4851a1d" relativeResultsDirectory="a2b96544-2721-4f31-a3d7-ded1017f113c" />
    <UnitTestResult executionId="2825c3d6-848c-448c-b8dd-dc8594924f7d" testId="95bf01c6-ca60-f17b-2aa1-e02cf2c2905a" testName="BasePluginTests.Validation.ContextInputExtensionsTests.GetRequiredInputParameter_throws_when_missing_or_null" computerName="W365-DEV-OYPA6" duration="00:00:00.0039385" startTime="2026-05-04T14:28:24.0554875-04:00" endTime="2026-05-04T14:28:24.0616575-04:00" testType="13cdc9d9-ddb5-4fa4-a97d-d965ccfc6d4b" outcome="Passed" testListId="8c84fa94-04c1-424b-9868-57a2d4851a1d" relativeResultsDirectory="2825c3d6-848c-448c-b8dd-dc8594924f7d" />
    <UnitTestResult executionId="7961a86a-35b1-469d-a9a1-20934d38111d" testId="1be811f6-eaea-0b4f-664a-c710229049b4" testName="BasePluginTests.Infrastructure.PluginServiceResolverTests.Resolve_traces_and_throws_when_context_missing" computerName="W365-DEV-OYPA6" duration="00:00:00.0019994" startTime="2026-05-04T14:28:24.2257352-04:00" endTime="2026-05-04T14:28:24.2258509-04:00" testType="13cdc9d9-ddb5-4fa4-a97d-d965ccfc6d4b" outcome="Passed" testListId="8c84fa94-04c1-424b-9868-57a2d4851a1d" relativeResultsDirectory="7961a86a-35b1-469d-a9a1-20934d38111d" />
    <UnitTestResult executionId="adf78017-c431-4cc2-9892-96884404ad19" testId="2796364a-a93e-74e9-9820-4c3d9e623f41" testName="BasePluginTests.Exceptions.PluginExceptionFactoryTests.CreateUserSafeException_includes_reference_and_inner_exception" computerName="W365-DEV-OYPA6" duration="00:00:00.1466264" startTime="2026-05-04T14:28:24.0678519-04:00" endTime="2026-05-04T14:28:24.2103580-04:00" testType="13cdc9d9-ddb5-4fa4-a97d-d965ccfc6d4b" outcome="Passed" testListId="8c84fa94-04c1-424b-9868-57a2d4851a1d" relativeResultsDirectory="adf78017-c431-4cc2-9892-96884404ad19" />
    <UnitTestResult executionId="eeb59162-216b-472e-9e37-3e09bc682182" testId="df078292-2a8a-5f13-41ad-ebfad1048989" testName="BasePluginTests.Validation.ContextInputExtensionsTests.GetInputParameter_returns_typed_value_when_present" computerName="W365-DEV-OYPA6" duration="00:00:00.0124543" startTime="2026-05-04T14:28:24.0507421-04:00" endTime="2026-05-04T14:28:24.0551350-04:00" testType="13cdc9d9-ddb5-4fa4-a97d-d965ccfc6d4b" outcome="Passed" testListId="8c84fa94-04c1-424b-9868-57a2d4851a1d" relativeResultsDirectory="eeb59162-216b-472e-9e37-3e09bc682182" />
    <UnitTestResult executionId="3ee3a3f0-be04-4ae8-a6fc-a1f771970215" testId="81a833cf-0a59-70e3-7a72-c5bd0cf5e499" testName="BasePluginTests.Validation.ContextInputExtensionsTests.GetInputParameter_throws_when_type_mismatch" computerName="W365-DEV-OYPA6" duration="00:00:00.8618645" startTime="2026-05-04T14:28:23.2111900-04:00" endTime="2026-05-04T14:28:24.0503841-04:00" testType="13cdc9d9-ddb5-4fa4-a97d-d965ccfc6d4b" outcome="Passed" testListId="8c84fa94-04c1-424b-9868-57a2d4851a1d" relativeResultsDirectory="3ee3a3f0-be04-4ae8-a6fc-a1f771970215" />
    <UnitTestResult executionId="167a15fb-3b42-4ce9-b551-05eef015e9b9" testId="ddb3944e-63cf-8e3f-d59e-59b0073e6afa" testName="BasePluginTests.BasePluginTests.Execute_traces_and_wraps_fault_exception" computerName="W365-DEV-OYPA6" duration="00:00:00.0034991" startTime="2026-05-04T14:28:24.2265286-04:00" endTime="2026-05-04T14:28:24.2298431-04:00" testType="13cdc9d9-ddb5-4fa4-a97d-d965ccfc6d4b" outcome="Passed" testListId="8c84fa94-04c1-424b-9868-57a2d4851a1d" relativeResultsDirectory="167a15fb-3b42-4ce9-b551-05eef015e9b9" />
  </Results>
  <TestDefinitions>
    <UnitTest name="BasePluginTests.Exceptions.PluginExceptionFactoryTests.CreateUserSafeException_requests_retry_for_async_service_protection_fault" storage="c:\projects\shicrm\plugins\shi.crm.plugins.base\baseplugintests\bin\debug\net10.0\baseplugintests.dll" id="3c143c4c-16c9-704f-2f1c-3636924c39d8">
      <Execution id="b42849c6-af1f-4a0d-829d-84b291ebdd06" />
      <TestMethod codeBase="c:\Projects\SHICRM\Plugins\SHI.CRM.Plugins.Base\BasePluginTests\bin\Debug\net10.0\BasePluginTests.dll" adapterTypeName="executor://xunit/VsTestRunner3/netcore/" className="BasePluginTests.Exceptions.PluginExceptionFactoryTests" name="CreateUserSafeException_requests_retry_for_async_service_protection_fault" />
    </UnitTest>
    <UnitTest name="BasePluginTests.BasePluginTests.Execute_traces_and_rethrows_unhandled_exception" storage="c:\projects\shicrm\plugins\shi.crm.plugins.base\baseplugintests\bin\debug\net10.0\baseplugintests.dll" id="b9432633-8180-8fdf-68af-77216f2ca085">
      <Execution id="00afcdf4-1ebb-4059-8291-d4e8ae191853" />
      <TestMethod codeBase="c:\Projects\SHICRM\Plugins\SHI.CRM.Plugins.Base\BasePluginTests\bin\Debug\net10.0\BasePluginTests.dll" adapterTypeName="executor://xunit/VsTestRunner3/netcore/" className="BasePluginTests.BasePluginTests" name="Execute_traces_and_rethrows_unhandled_exception" />
    </UnitTest>
    <UnitTest name="BasePluginTests.Validation.ContextInputExtensionsTests.GetRequiredInputParameter_returns_typed_value_when_present" storage="c:\projects\shicrm\plugins\shi.crm.plugins.base\baseplugintests\bin\debug\net10.0\baseplugintests.dll" id="b6b04747-0c5f-c52b-5c87-c3a4a4304dd3">
      <Execution id="7e99ebe5-ae04-466e-afd2-8e658d95874b" />
      <TestMethod codeBase="c:\Projects\SHICRM\Plugins\SHI.CRM.Plugins.Base\BasePluginTests\bin\Debug\net10.0\BasePluginTests.dll" adapterTypeName="executor://xunit/VsTestRunner3/netcore/" className="BasePluginTests.Validation.ContextInputExtensionsTests" name="GetRequiredInputParameter_returns_typed_value_when_present" />
    </UnitTest>
    <UnitTest name="BasePluginTests.Diagnostics.TracingExtensionsTests.TraceWithContext_swallows_exceptions_from_tracing_implementation" storage="c:\projects\shicrm\plugins\shi.crm.plugins.base\baseplugintests\bin\debug\net10.0\baseplugintests.dll" id="e49d01a6-d065-9d63-0d4f-0fbda944b2ec">
      <Execution id="4d724f52-5102-49b1-87cf-8be8eafb937d" />
      <TestMethod codeBase="c:\Projects\SHICRM\Plugins\SHI.CRM.Plugins.Base\BasePluginTests\bin\Debug\net10.0\BasePluginTests.dll" adapterTypeName="executor://xunit/VsTestRunner3/netcore/" className="BasePluginTests.Diagnostics.TracingExtensionsTests" name="TraceWithContext_swallows_exceptions_from_tracing_implementation" />
    </UnitTest>
    <UnitTest name="BasePluginTests.Diagnostics.TracingExtensionsTests.TraceWithContext_includes_plugin_type_and_context_metadata" storage="c:\projects\shicrm\plugins\shi.crm.plugins.base\baseplugintests\bin\debug\net10.0\baseplugintests.dll" id="949c1d64-1bcb-358b-1189-c22fec0afb8c">
      <Execution id="1a451ffd-6546-4b19-acf8-88dfaedfdcfd" />
      <TestMethod codeBase="c:\Projects\SHICRM\Plugins\SHI.CRM.Plugins.Base\BasePluginTests\bin\Debug\net10.0\BasePluginTests.dll" adapterTypeName="executor://xunit/VsTestRunner3/netcore/" className="BasePluginTests.Diagnostics.TracingExtensionsTests" name="TraceWithContext_includes_plugin_type_and_context_metadata" />
    </UnitTest>
    <UnitTest name="BasePluginTests.Telemetry.TelemetryTracingServiceTests.Trace_handles_null_format_gracefully" storage="c:\projects\shicrm\plugins\shi.crm.plugins.base\baseplugintests\bin\debug\net10.0\baseplugintests.dll" id="a5e3b4b8-120b-0dfb-8b6d-0384779ea2e1">
      <Execution id="a2b96544-2721-4f31-a3d7-ded1017f113c" />
      <TestMethod codeBase="c:\Projects\SHICRM\Plugins\SHI.CRM.Plugins.Base\BasePluginTests\bin\Debug\net10.0\BasePluginTests.dll" adapterTypeName="executor://xunit/VsTestRunner3/netcore/" className="BasePluginTests.Telemetry.TelemetryTracingServiceTests" name="Trace_handles_null_format_gracefully" />
    </UnitTest>
    <UnitTest name="BasePluginTests.Validation.ContextInputExtensionsTests.GetRequiredInputParameter_throws_when_missing_or_null" storage="c:\projects\shicrm\plugins\shi.crm.plugins.base\baseplugintests\bin\debug\net10.0\baseplugintests.dll" id="95bf01c6-ca60-f17b-2aa1-e02cf2c2905a">
      <Execution id="2825c3d6-848c-448c-b8dd-dc8594924f7d" />
      <TestMethod codeBase="c:\Projects\SHICRM\Plugins\SHI.CRM.Plugins.Base\BasePluginTests\bin\Debug\net10.0\BasePluginTests.dll" adapterTypeName="executor://xunit/VsTestRunner3/netcore/" className="BasePluginTests.Validation.ContextInputExtensionsTests" name="GetRequiredInputParameter_throws_when_missing_or_null" />
    </UnitTest>
    <UnitTest name="BasePluginTests.Telemetry.TelemetryAdapterTests.CloneWith_ignores_empty_key_or_value" storage="c:\projects\shicrm\plugins\shi.crm.plugins.base\baseplugintests\bin\debug\net10.0\baseplugintests.dll" id="c316692e-129e-3eb5-6bbf-44ab11a857e5">
      <Execution id="b59fb834-ec5b-4abe-8075-ce33c1787a18" />
      <TestMethod codeBase="c:\Projects\SHICRM\Plugins\SHI.CRM.Plugins.Base\BasePluginTests\bin\Debug\net10.0\BasePluginTests.dll" adapterTypeName="executor://xunit/VsTestRunner3/netcore/" className="BasePluginTests.Telemetry.TelemetryAdapterTests" name="CloneWith_ignores_empty_key_or_value" />
    </UnitTest>
    <UnitTest name="BasePluginTests.BasePluginTests.Execute_throws_when_service_provider_is_null" storage="c:\projects\shicrm\plugins\shi.crm.plugins.base\baseplugintests\bin\debug\net10.0\baseplugintests.dll" id="26023559-b054-a818-9881-1d25da431500">
      <Execution id="6d25b50c-48a9-4a7f-a1c0-303406769dc7" />
      <TestMethod codeBase="c:\Projects\SHICRM\Plugins\SHI.CRM.Plugins.Base\BasePluginTests\bin\Debug\net10.0\BasePluginTests.dll" adapterTypeName="executor://xunit/VsTestRunner3/netcore/" className="BasePluginTests.BasePluginTests" name="Execute_throws_when_service_provider_is_null" />
    </UnitTest>
    <UnitTest name="BasePluginTests.Exceptions.PluginExceptionFactoryTests.CreateUserSafeException_requests_retry_for_async_timeout" storage="c:\projects\shicrm\plugins\shi.crm.plugins.base\baseplugintests\bin\debug\net10.0\baseplugintests.dll" id="626fa213-2d79-f784-f757-7e594dcfb344">
      <Execution id="6816722d-a0b1-4484-b670-75f83e3a4895" />
      <TestMethod codeBase="c:\Projects\SHICRM\Plugins\SHI.CRM.Plugins.Base\BasePluginTests\bin\Debug\net10.0\BasePluginTests.dll" adapterTypeName="executor://xunit/VsTestRunner3/netcore/" className="BasePluginTests.Exceptions.PluginExceptionFactoryTests" name="CreateUserSafeException_requests_retry_for_async_timeout" />
    </UnitTest>
    <UnitTest name="BasePluginTests.BasePluginTests.Execute_throws_and_traces_when_context_missing" storage="c:\projects\shicrm\plugins\shi.crm.plugins.base\baseplugintests\bin\debug\net10.0\baseplugintests.dll" id="0d2d7fd4-23c9-0323-b11e-c3cb5af2dbcd">
      <Execution id="dd09aaa3-665f-41c8-9026-32ac758af2bd" />
      <TestMethod codeBase="c:\Projects\SHICRM\Plugins\SHI.CRM.Plugins.Base\BasePluginTests\bin\Debug\net10.0\BasePluginTests.dll" adapterTypeName="executor://xunit/VsTestRunner3/netcore/" className="BasePluginTests.BasePluginTests" name="Execute_throws_and_traces_when_context_missing" />
    </UnitTest>
    <UnitTest name="BasePluginTests.Diagnostics.TracingExtensionsTests.TraceWithContext_includes_label_in_trace_arguments" storage="c:\projects\shicrm\plugins\shi.crm.plugins.base\baseplugintests\bin\debug\net10.0\baseplugintests.dll" id="a04dab59-2123-8e37-e560-336ee5e46970">
      <Execution id="1c3c4265-bf22-4d3a-9742-0429c0802937" />
      <TestMethod codeBase="c:\Projects\SHICRM\Plugins\SHI.CRM.Plugins.Base\BasePluginTests\bin\Debug\net10.0\BasePluginTests.dll" adapterTypeName="executor://xunit/VsTestRunner3/netcore/" className="BasePluginTests.Diagnostics.TracingExtensionsTests" name="TraceWithContext_includes_label_in_trace_arguments" />
    </UnitTest>
    <UnitTest name="BasePluginTests.Exceptions.PluginExceptionFactoryTests.CreateUserSafeException_omits_reference_when_correlation_missing" storage="c:\projects\shicrm\plugins\shi.crm.plugins.base\baseplugintests\bin\debug\net10.0\baseplugintests.dll" id="5f125676-d200-e23a-1b03-e4517e313495">
      <Execution id="7a1b0052-6228-4b6f-8418-7f004e1dcfc4" />
      <TestMethod codeBase="c:\Projects\SHICRM\Plugins\SHI.CRM.Plugins.Base\BasePluginTests\bin\Debug\net10.0\BasePluginTests.dll" adapterTypeName="executor://xunit/VsTestRunner3/netcore/" className="BasePluginTests.Exceptions.PluginExceptionFactoryTests" name="CreateUserSafeException_omits_reference_when_correlation_missing" />
    </UnitTest>
    <UnitTest name="BasePluginTests.Telemetry.TelemetryAdapterTests.BuildCommonProperties_includes_context_metadata" storage="c:\projects\shicrm\plugins\shi.crm.plugins.base\baseplugintests\bin\debug\net10.0\baseplugintests.dll" id="60d99fed-1bf8-50b2-39c6-186d47e318b1">
      <Execution id="d27e8e2c-ddf8-4b4c-9e98-5f1bda9f52b1" />
      <TestMethod codeBase="c:\Projects\SHICRM\Plugins\SHI.CRM.Plugins.Base\BasePluginTests\bin\Debug\net10.0\BasePluginTests.dll" adapterTypeName="executor://xunit/VsTestRunner3/netcore/" className="BasePluginTests.Telemetry.TelemetryAdapterTests" name="BuildCommonProperties_includes_context_metadata" />
    </UnitTest>
    <UnitTest name="BasePluginTests.Telemetry.TelemetryAdapterTests.CloneWith_adds_value_when_not_empty_and_keeps_existing" storage="c:\projects\shicrm\plugins\shi.crm.plugins.base\baseplugintests\bin\debug\net10.0\baseplugintests.dll" id="76f8279d-8cdb-0af9-1b49-f4b7d5be9acc">
      <Execution id="ff76001d-32de-435c-82e8-bdbee477ec3f" />
      <TestMethod codeBase="c:\Projects\SHICRM\Plugins\SHI.CRM.Plugins.Base\BasePluginTests\bin\Debug\net10.0\BasePluginTests.dll" adapterTypeName="executor://xunit/VsTestRunner3/netcore/" className="BasePluginTests.Telemetry.TelemetryAdapterTests" name="CloneWith_adds_value_when_not_empty_and_keeps_existing" />
    </UnitTest>
    <UnitTest name="BasePluginTests.BasePluginTests.Execute_marks_async_service_protection_fault_for_retry" storage="c:\projects\shicrm\plugins\shi.crm.plugins.base\baseplugintests\bin\debug\net10.0\baseplugintests.dll" id="a85c47a0-83b9-daee-8bda-df493e3e57a9">
      <Execution id="2c344b93-7857-42d5-8da3-74ac3d7714ac" />
      <TestMethod codeBase="c:\Projects\SHICRM\Plugins\SHI.CRM.Plugins.Base\BasePluginTests\bin\Debug\net10.0\BasePluginTests.dll" adapterTypeName="executor://xunit/VsTestRunner3/netcore/" className="BasePluginTests.BasePluginTests" name="Execute_marks_async_service_protection_fault_for_retry" />
    </UnitTest>
    <UnitTest name="BasePluginTests.Exceptions.PluginExceptionFactoryTests.CreateUserSafeException_includes_reference_and_inner_exception" storage="c:\projects\shicrm\plugins\shi.crm.plugins.base\baseplugintests\bin\debug\net10.0\baseplugintests.dll" id="2796364a-a93e-74e9-9820-4c3d9e623f41">
      <Execution id="adf78017-c431-4cc2-9892-96884404ad19" />
      <TestMethod codeBase="c:\Projects\SHICRM\Plugins\SHI.CRM.Plugins.Base\BasePluginTests\bin\Debug\net10.0\BasePluginTests.dll" adapterTypeName="executor://xunit/VsTestRunner3/netcore/" className="BasePluginTests.Exceptions.PluginExceptionFactoryTests" name="CreateUserSafeException_includes_reference_and_inner_exception" />
    </UnitTest>
    <UnitTest name="BasePluginTests.BasePluginTests.Execute_throws_and_traces_when_service_factory_missing" storage="c:\projects\shicrm\plugins\shi.crm.plugins.base\baseplugintests\bin\debug\net10.0\baseplugintests.dll" id="b3b0738e-fb65-65c9-dc0a-e1c91c0b93af">
      <Execution id="59dd84a6-90e0-4039-953c-2cc4ee10e65d" />
      <TestMethod codeBase="c:\Projects\SHICRM\Plugins\SHI.CRM.Plugins.Base\BasePluginTests\bin\Debug\net10.0\BasePluginTests.dll" adapterTypeName="executor://xunit/VsTestRunner3/netcore/" className="BasePluginTests.BasePluginTests" name="Execute_throws_and_traces_when_service_factory_missing" />
    </UnitTest>
    <UnitTest name="BasePluginTests.Telemetry.TelemetryAdapterTests.Disabled_adapter_noops_and_does_not_throw" storage="c:\projects\shicrm\plugins\shi.crm.plugins.base\baseplugintests\bin\debug\net10.0\baseplugintests.dll" id="e2fa41a4-8505-3bb4-5e4e-fc7ab3854006">
      <Execution id="1c00a16a-3e80-4188-8de2-cc81bf187425" />
      <TestMethod codeBase="c:\Projects\SHICRM\Plugins\SHI.CRM.Plugins.Base\BasePluginTests\bin\Debug\net10.0\BasePluginTests.dll" adapterTypeName="executor://xunit/VsTestRunner3/netcore/" className="BasePluginTests.Telemetry.TelemetryAdapterTests" name="Disabled_adapter_noops_and_does_not_throw" />
    </UnitTest>
    <UnitTest name="BasePluginTests.BasePluginMetricsTests.Does_not_emit_metrics_when_disabled" storage="c:\projects\shicrm\plugins\shi.crm.plugins.base\baseplugintests\bin\debug\net10.0\baseplugintests.dll" id="013eaa85-b2ce-bbf4-d309-30f5a51ea399">
      <Execution id="ddde9de7-98b6-4d98-a000-f5325cee238f" />
      <TestMethod codeBase="c:\Projects\SHICRM\Plugins\SHI.CRM.Plugins.Base\BasePluginTests\bin\Debug\net10.0\BasePluginTests.dll" adapterTypeName="executor://xunit/VsTestRunner3/netcore/" className="BasePluginTests.BasePluginMetricsTests" name="Does_not_emit_metrics_when_disabled" />
    </UnitTest>
    <UnitTest name="BasePluginTests.Telemetry.TelemetryAdapterTests.TraceTelemetryDisabledOnce_traces_only_once" storage="c:\projects\shicrm\plugins\shi.crm.plugins.base\baseplugintests\bin\debug\net10.0\baseplugintests.dll" id="0fec8720-e04e-6fad-45bd-bd9b79581deb">
      <Execution id="b86bc23f-cc72-4bc8-97bb-e6a3becd7d19" />
      <TestMethod codeBase="c:\Projects\SHICRM\Plugins\SHI.CRM.Plugins.Base\BasePluginTests\bin\Debug\net10.0\BasePluginTests.dll" adapterTypeName="executor://xunit/VsTestRunner3/netcore/" className="BasePluginTests.Telemetry.TelemetryAdapterTests" name="TraceTelemetryDisabledOnce_traces_only_once" />
    </UnitTest>
    <UnitTest name="BasePluginTests.Infrastructure.PluginServiceResolverTests.Resolve_reuses_execution_service_when_identities_match" storage="c:\projects\shicrm\plugins\shi.crm.plugins.base\baseplugintests\bin\debug\net10.0\baseplugintests.dll" id="b72c921e-83e1-c321-d5ab-c1ea27f143d9">
      <Execution id="890300d9-f6cc-45e9-8524-2b386182e4fc" />
      <TestMethod codeBase="c:\Projects\SHICRM\Plugins\SHI.CRM.Plugins.Base\BasePluginTests\bin\Debug\net10.0\BasePluginTests.dll" adapterTypeName="executor://xunit/VsTestRunner3/netcore/" className="BasePluginTests.Infrastructure.PluginServiceResolverTests" name="Resolve_reuses_execution_service_when_identities_match" />
    </UnitTest>
    <UnitTest name="BasePluginTests.Validation.ContextInputExtensionsTests.GetInputParameter_returns_default_when_missing_or_null" storage="c:\projects\shicrm\plugins\shi.crm.plugins.base\baseplugintests\bin\debug\net10.0\baseplugintests.dll" id="2922b961-6266-a8ee-8a9c-0a75a8831b6d">
      <Execution id="10fa99c3-6029-4856-9b47-90de030fad03" />
      <TestMethod codeBase="c:\Projects\SHICRM\Plugins\SHI.CRM.Plugins.Base\BasePluginTests\bin\Debug\net10.0\BasePluginTests.dll" adapterTypeName="executor://xunit/VsTestRunner3/netcore/" className="BasePluginTests.Validation.ContextInputExtensionsTests" name="GetInputParameter_returns_default_when_missing_or_null" />
    </UnitTest>
    <UnitTest name="BasePluginTests.Telemetry.TelemetryTracingServiceTests.Trace_invokes_inner_when_duplication_enabled" storage="c:\projects\shicrm\plugins\shi.crm.plugins.base\baseplugintests\bin\debug\net10.0\baseplugintests.dll" id="270889c0-4911-4ca6-4db8-ac7b432e151b">
      <Execution id="8e0ad8b9-39bb-4000-9183-5bbaed89e767" />
      <TestMethod codeBase="c:\Projects\SHICRM\Plugins\SHI.CRM.Plugins.Base\BasePluginTests\bin\Debug\net10.0\BasePluginTests.dll" adapterTypeName="executor://xunit/VsTestRunner3/netcore/" className="BasePluginTests.Telemetry.TelemetryTracingServiceTests" name="Trace_invokes_inner_when_duplication_enabled" />
    </UnitTest>
    <UnitTest name="BasePluginTests.Diagnostics.TracingExtensionsTests.TraceWithContext_is_noop_when_tracing_null" storage="c:\projects\shicrm\plugins\shi.crm.plugins.base\baseplugintests\bin\debug\net10.0\baseplugintests.dll" id="e234c782-95ee-d6d4-f03d-cee1ad1a7cfa">
      <Execution id="4c2ce31e-eeec-41d1-be65-05172f19b7ad" />
      <TestMethod codeBase="c:\Projects\SHICRM\Plugins\SHI.CRM.Plugins.Base\BasePluginTests\bin\Debug\net10.0\BasePluginTests.dll" adapterTypeName="executor://xunit/VsTestRunner3/netcore/" className="BasePluginTests.Diagnostics.TracingExtensionsTests" name="TraceWithContext_is_noop_when_tracing_null" />
    </UnitTest>
    <UnitTest name="BasePluginTests.Exceptions.PluginExceptionFactoryTests.CreateUserSafeException_uses_async_message_for_async_non_transient_failure" storage="c:\projects\shicrm\plugins\shi.crm.plugins.base\baseplugintests\bin\debug\net10.0\baseplugintests.dll" id="6e78f5b1-d016-57a3-debf-d4445e2384e2">
      <Execution id="fa8ef2dc-cf5e-4d55-a297-2ded2048ad1a" />
      <TestMethod codeBase="c:\Projects\SHICRM\Plugins\SHI.CRM.Plugins.Base\BasePluginTests\bin\Debug\net10.0\BasePluginTests.dll" adapterTypeName="executor://xunit/VsTestRunner3/netcore/" className="BasePluginTests.Exceptions.PluginExceptionFactoryTests" name="CreateUserSafeException_uses_async_message_for_async_non_transient_failure" />
    </UnitTest>
    <UnitTest name="BasePluginTests.Validation.ContextInputExtensionsTests.GetInputParameter_throws_when_type_mismatch" storage="c:\projects\shicrm\plugins\shi.crm.plugins.base\baseplugintests\bin\debug\net10.0\baseplugintests.dll" id="81a833cf-0a59-70e3-7a72-c5bd0cf5e499">
      <Execution id="3ee3a3f0-be04-4ae8-a6fc-a1f771970215" />
      <TestMethod codeBase="c:\Projects\SHICRM\Plugins\SHI.CRM.Plugins.Base\BasePluginTests\bin\Debug\net10.0\BasePluginTests.dll" adapterTypeName="executor://xunit/VsTestRunner3/netcore/" className="BasePluginTests.Validation.ContextInputExtensionsTests" name="GetInputParameter_throws_when_type_mismatch" />
    </UnitTest>
    <UnitTest name="BasePluginTests.Infrastructure.PluginServiceResolverTests.Resolve_returns_services_when_identities_differ" storage="c:\projects\shicrm\plugins\shi.crm.plugins.base\baseplugintests\bin\debug\net10.0\baseplugintests.dll" id="d806a7de-a9d8-cb41-1cf7-862e4828b3a9">
      <Execution id="78a91014-4cec-4269-ae04-a24a0243ad6a" />
      <TestMethod codeBase="c:\Projects\SHICRM\Plugins\SHI.CRM.Plugins.Base\BasePluginTests\bin\Debug\net10.0\BasePluginTests.dll" adapterTypeName="executor://xunit/VsTestRunner3/netcore/" className="BasePluginTests.Infrastructure.PluginServiceResolverTests" name="Resolve_returns_services_when_identities_differ" />
    </UnitTest>
    <UnitTest name="BasePluginTests.Infrastructure.PluginServiceResolverTests.Resolve_traces_and_throws_when_context_missing" storage="c:\projects\shicrm\plugins\shi.crm.plugins.base\baseplugintests\bin\debug\net10.0\baseplugintests.dll" id="1be811f6-eaea-0b4f-664a-c710229049b4">
      <Execution id="7961a86a-35b1-469d-a9a1-20934d38111d" />
      <TestMethod codeBase="c:\Projects\SHICRM\Plugins\SHI.CRM.Plugins.Base\BasePluginTests\bin\Debug\net10.0\BasePluginTests.dll" adapterTypeName="executor://xunit/VsTestRunner3/netcore/" className="BasePluginTests.Infrastructure.PluginServiceResolverTests" name="Resolve_traces_and_throws_when_context_missing" />
    </UnitTest>
    <UnitTest name="BasePluginTests.Validation.ContextInputExtensionsTests.GetInputParameter_returns_typed_value_when_present" storage="c:\projects\shicrm\plugins\shi.crm.plugins.base\baseplugintests\bin\debug\net10.0\baseplugintests.dll" id="df078292-2a8a-5f13-41ad-ebfad1048989">
      <Execution id="eeb59162-216b-472e-9e37-3e09bc682182" />
      <TestMethod codeBase="c:\Projects\SHICRM\Plugins\SHI.CRM.Plugins.Base\BasePluginTests\bin\Debug\net10.0\BasePluginTests.dll" adapterTypeName="executor://xunit/VsTestRunner3/netcore/" className="BasePluginTests.Validation.ContextInputExtensionsTests" name="GetInputParameter_returns_typed_value_when_present" />
    </UnitTest>
    <UnitTest name="BasePluginTests.Infrastructure.PluginServiceResolverTests.Resolve_traces_and_throws_when_service_factory_missing" storage="c:\projects\shicrm\plugins\shi.crm.plugins.base\baseplugintests\bin\debug\net10.0\baseplugintests.dll" id="e0c3a7db-2a17-b083-ab1e-4eb88f5ad0b5">
      <Execution id="aef3aa54-1b86-4e22-8ba0-02f23bd49511" />
      <TestMethod codeBase="c:\Projects\SHICRM\Plugins\SHI.CRM.Plugins.Base\BasePluginTests\bin\Debug\net10.0\BasePluginTests.dll" adapterTypeName="executor://xunit/VsTestRunner3/netcore/" className="BasePluginTests.Infrastructure.PluginServiceResolverTests" name="Resolve_traces_and_throws_when_service_factory_missing" />
    </UnitTest>
    <UnitTest name="BasePluginTests.BasePluginTests.Execution_presents_reference_id_on_unhandled_exception" storage="c:\projects\shicrm\plugins\shi.crm.plugins.base\baseplugintests\bin\debug\net10.0\baseplugintests.dll" id="616cb406-caad-ead1-6961-dab90b9f4096">
      <Execution id="5cbc4147-9453-4916-9213-a5a50882ff13" />
      <TestMethod codeBase="c:\Projects\SHICRM\Plugins\SHI.CRM.Plugins.Base\BasePluginTests\bin\Debug\net10.0\BasePluginTests.dll" adapterTypeName="executor://xunit/VsTestRunner3/netcore/" className="BasePluginTests.BasePluginTests" name="Execution_presents_reference_id_on_unhandled_exception" />
    </UnitTest>
    <UnitTest name="BasePluginTests.Telemetry.TelemetryTracingServiceTests.Trace_skips_inner_when_duplication_disabled" storage="c:\projects\shicrm\plugins\shi.crm.plugins.base\baseplugintests\bin\debug\net10.0\baseplugintests.dll" id="3b63671c-e43c-ba22-dadd-e071000587ca">
      <Execution id="f6934649-2003-4c0b-bcf3-eb77a89d857e" />
      <TestMethod codeBase="c:\Projects\SHICRM\Plugins\SHI.CRM.Plugins.Base\BasePluginTests\bin\Debug\net10.0\BasePluginTests.dll" adapterTypeName="executor://xunit/VsTestRunner3/netcore/" className="BasePluginTests.Telemetry.TelemetryTracingServiceTests" name="Trace_skips_inner_when_duplication_disabled" />
    </UnitTest>
    <UnitTest name="BasePluginTests.BasePluginTests.Execute_traces_and_rethrows_business_exception" storage="c:\projects\shicrm\plugins\shi.crm.plugins.base\baseplugintests\bin\debug\net10.0\baseplugintests.dll" id="c6942d0c-22b0-b1ad-82c5-b246e08899fb">
      <Execution id="d5e382dc-aed6-4782-b195-13f78626277d" />
      <TestMethod codeBase="c:\Projects\SHICRM\Plugins\SHI.CRM.Plugins.Base\BasePluginTests\bin\Debug\net10.0\BasePluginTests.dll" adapterTypeName="executor://xunit/VsTestRunner3/netcore/" className="BasePluginTests.BasePluginTests" name="Execute_traces_and_rethrows_business_exception" />
    </UnitTest>
    <UnitTest name="BasePluginTests.BasePluginTests.Execute_invokes_child_logic_with_org_service_from_factory" storage="c:\projects\shicrm\plugins\shi.crm.plugins.base\baseplugintests\bin\debug\net10.0\baseplugintests.dll" id="71b71f37-65bd-d8bc-76e3-08f0fca96c75">
      <Execution id="028e0e7a-287f-472b-a181-4cdd6778e8e9" />
      <TestMethod codeBase="c:\Projects\SHICRM\Plugins\SHI.CRM.Plugins.Base\BasePluginTests\bin\Debug\net10.0\BasePluginTests.dll" adapterTypeName="executor://xunit/VsTestRunner3/netcore/" className="BasePluginTests.BasePluginTests" name="Execute_invokes_child_logic_with_org_service_from_factory" />
    </UnitTest>
    <UnitTest name="BasePluginTests.BasePluginMetricsTests.Emits_metrics_for_counts_and_duration_when_enabled" storage="c:\projects\shicrm\plugins\shi.crm.plugins.base\baseplugintests\bin\debug\net10.0\baseplugintests.dll" id="1f393107-6776-0e8d-35ea-34f30c88b20e">
      <Execution id="e383c351-0501-4c72-a9f8-1b545c556aa0" />
      <TestMethod codeBase="c:\Projects\SHICRM\Plugins\SHI.CRM.Plugins.Base\BasePluginTests\bin\Debug\net10.0\BasePluginTests.dll" adapterTypeName="executor://xunit/VsTestRunner3/netcore/" className="BasePluginTests.BasePluginMetricsTests" name="Emits_metrics_for_counts_and_duration_when_enabled" />
    </UnitTest>
    <UnitTest name="BasePluginTests.BasePluginTests.Execute_traces_and_wraps_fault_exception" storage="c:\projects\shicrm\plugins\shi.crm.plugins.base\baseplugintests\bin\debug\net10.0\baseplugintests.dll" id="ddb3944e-63cf-8e3f-d59e-59b0073e6afa">
      <Execution id="167a15fb-3b42-4ce9-b551-05eef015e9b9" />
      <TestMethod codeBase="c:\Projects\SHICRM\Plugins\SHI.CRM.Plugins.Base\BasePluginTests\bin\Debug\net10.0\BasePluginTests.dll" adapterTypeName="executor://xunit/VsTestRunner3/netcore/" className="BasePluginTests.BasePluginTests" name="Execute_traces_and_wraps_fault_exception" />
    </UnitTest>
  </TestDefinitions>
  <TestEntries>
    <TestEntry testId="b9432633-8180-8fdf-68af-77216f2ca085" executionId="00afcdf4-1ebb-4059-8291-d4e8ae191853" testListId="8c84fa94-04c1-424b-9868-57a2d4851a1d" />
    <TestEntry testId="b3b0738e-fb65-65c9-dc0a-e1c91c0b93af" executionId="59dd84a6-90e0-4039-953c-2cc4ee10e65d" testListId="8c84fa94-04c1-424b-9868-57a2d4851a1d" />
    <TestEntry testId="e0c3a7db-2a17-b083-ab1e-4eb88f5ad0b5" executionId="aef3aa54-1b86-4e22-8ba0-02f23bd49511" testListId="8c84fa94-04c1-424b-9868-57a2d4851a1d" />
    <TestEntry testId="71b71f37-65bd-d8bc-76e3-08f0fca96c75" executionId="028e0e7a-287f-472b-a181-4cdd6778e8e9" testListId="8c84fa94-04c1-424b-9868-57a2d4851a1d" />
    <TestEntry testId="a85c47a0-83b9-daee-8bda-df493e3e57a9" executionId="2c344b93-7857-42d5-8da3-74ac3d7714ac" testListId="8c84fa94-04c1-424b-9868-57a2d4851a1d" />
    <TestEntry testId="26023559-b054-a818-9881-1d25da431500" executionId="6d25b50c-48a9-4a7f-a1c0-303406769dc7" testListId="8c84fa94-04c1-424b-9868-57a2d4851a1d" />
    <TestEntry testId="0d2d7fd4-23c9-0323-b11e-c3cb5af2dbcd" executionId="dd09aaa3-665f-41c8-9026-32ac758af2bd" testListId="8c84fa94-04c1-424b-9868-57a2d4851a1d" />
    <TestEntry testId="60d99fed-1bf8-50b2-39c6-186d47e318b1" executionId="d27e8e2c-ddf8-4b4c-9e98-5f1bda9f52b1" testListId="8c84fa94-04c1-424b-9868-57a2d4851a1d" />
    <TestEntry testId="d806a7de-a9d8-cb41-1cf7-862e4828b3a9" executionId="78a91014-4cec-4269-ae04-a24a0243ad6a" testListId="8c84fa94-04c1-424b-9868-57a2d4851a1d" />
    <TestEntry testId="b6b04747-0c5f-c52b-5c87-c3a4a4304dd3" executionId="7e99ebe5-ae04-466e-afd2-8e658d95874b" testListId="8c84fa94-04c1-424b-9868-57a2d4851a1d" />
    <TestEntry testId="626fa213-2d79-f784-f757-7e594dcfb344" executionId="6816722d-a0b1-4484-b670-75f83e3a4895" testListId="8c84fa94-04c1-424b-9868-57a2d4851a1d" />
    <TestEntry testId="3c143c4c-16c9-704f-2f1c-3636924c39d8" executionId="b42849c6-af1f-4a0d-829d-84b291ebdd06" testListId="8c84fa94-04c1-424b-9868-57a2d4851a1d" />
    <TestEntry testId="e2fa41a4-8505-3bb4-5e4e-fc7ab3854006" executionId="1c00a16a-3e80-4188-8de2-cc81bf187425" testListId="8c84fa94-04c1-424b-9868-57a2d4851a1d" />
    <TestEntry testId="a04dab59-2123-8e37-e560-336ee5e46970" executionId="1c3c4265-bf22-4d3a-9742-0429c0802937" testListId="8c84fa94-04c1-424b-9868-57a2d4851a1d" />
    <TestEntry testId="76f8279d-8cdb-0af9-1b49-f4b7d5be9acc" executionId="ff76001d-32de-435c-82e8-bdbee477ec3f" testListId="8c84fa94-04c1-424b-9868-57a2d4851a1d" />
    <TestEntry testId="b72c921e-83e1-c321-d5ab-c1ea27f143d9" executionId="890300d9-f6cc-45e9-8524-2b386182e4fc" testListId="8c84fa94-04c1-424b-9868-57a2d4851a1d" />
    <TestEntry testId="2922b961-6266-a8ee-8a9c-0a75a8831b6d" executionId="10fa99c3-6029-4856-9b47-90de030fad03" testListId="8c84fa94-04c1-424b-9868-57a2d4851a1d" />
    <TestEntry testId="3b63671c-e43c-ba22-dadd-e071000587ca" executionId="f6934649-2003-4c0b-bcf3-eb77a89d857e" testListId="8c84fa94-04c1-424b-9868-57a2d4851a1d" />
    <TestEntry testId="c316692e-129e-3eb5-6bbf-44ab11a857e5" executionId="b59fb834-ec5b-4abe-8075-ce33c1787a18" testListId="8c84fa94-04c1-424b-9868-57a2d4851a1d" />
    <TestEntry testId="949c1d64-1bcb-358b-1189-c22fec0afb8c" executionId="1a451ffd-6546-4b19-acf8-88dfaedfdcfd" testListId="8c84fa94-04c1-424b-9868-57a2d4851a1d" />
    <TestEntry testId="6e78f5b1-d016-57a3-debf-d4445e2384e2" executionId="fa8ef2dc-cf5e-4d55-a297-2ded2048ad1a" testListId="8c84fa94-04c1-424b-9868-57a2d4851a1d" />
    <TestEntry testId="270889c0-4911-4ca6-4db8-ac7b432e151b" executionId="8e0ad8b9-39bb-4000-9183-5bbaed89e767" testListId="8c84fa94-04c1-424b-9868-57a2d4851a1d" />
    <TestEntry testId="c6942d0c-22b0-b1ad-82c5-b246e08899fb" executionId="d5e382dc-aed6-4782-b195-13f78626277d" testListId="8c84fa94-04c1-424b-9868-57a2d4851a1d" />
    <TestEntry testId="013eaa85-b2ce-bbf4-d309-30f5a51ea399" executionId="ddde9de7-98b6-4d98-a000-f5325cee238f" testListId="8c84fa94-04c1-424b-9868-57a2d4851a1d" />
    <TestEntry testId="0fec8720-e04e-6fad-45bd-bd9b79581deb" executionId="b86bc23f-cc72-4bc8-97bb-e6a3becd7d19" testListId="8c84fa94-04c1-424b-9868-57a2d4851a1d" />
    <TestEntry testId="5f125676-d200-e23a-1b03-e4517e313495" executionId="7a1b0052-6228-4b6f-8418-7f004e1dcfc4" testListId="8c84fa94-04c1-424b-9868-57a2d4851a1d" />
    <TestEntry testId="1f393107-6776-0e8d-35ea-34f30c88b20e" executionId="e383c351-0501-4c72-a9f8-1b545c556aa0" testListId="8c84fa94-04c1-424b-9868-57a2d4851a1d" />
    <TestEntry testId="e49d01a6-d065-9d63-0d4f-0fbda944b2ec" executionId="4d724f52-5102-49b1-87cf-8be8eafb937d" testListId="8c84fa94-04c1-424b-9868-57a2d4851a1d" />
    <TestEntry testId="e234c782-95ee-d6d4-f03d-cee1ad1a7cfa" executionId="4c2ce31e-eeec-41d1-be65-05172f19b7ad" testListId="8c84fa94-04c1-424b-9868-57a2d4851a1d" />
    <TestEntry testId="616cb406-caad-ead1-6961-dab90b9f4096" executionId="5cbc4147-9453-4916-9213-a5a50882ff13" testListId="8c84fa94-04c1-424b-9868-57a2d4851a1d" />
    <TestEntry testId="a5e3b4b8-120b-0dfb-8b6d-0384779ea2e1" executionId="a2b96544-2721-4f31-a3d7-ded1017f113c" testListId="8c84fa94-04c1-424b-9868-57a2d4851a1d" />
    <TestEntry testId="95bf01c6-ca60-f17b-2aa1-e02cf2c2905a" executionId="2825c3d6-848c-448c-b8dd-dc8594924f7d" testListId="8c84fa94-04c1-424b-9868-57a2d4851a1d" />
    <TestEntry testId="1be811f6-eaea-0b4f-664a-c710229049b4" executionId="7961a86a-35b1-469d-a9a1-20934d38111d" testListId="8c84fa94-04c1-424b-9868-57a2d4851a1d" />
    <TestEntry testId="2796364a-a93e-74e9-9820-4c3d9e623f41" executionId="adf78017-c431-4cc2-9892-96884404ad19" testListId="8c84fa94-04c1-424b-9868-57a2d4851a1d" />
    <TestEntry testId="df078292-2a8a-5f13-41ad-ebfad1048989" executionId="eeb59162-216b-472e-9e37-3e09bc682182" testListId="8c84fa94-04c1-424b-9868-57a2d4851a1d" />
    <TestEntry testId="81a833cf-0a59-70e3-7a72-c5bd0cf5e499" executionId="3ee3a3f0-be04-4ae8-a6fc-a1f771970215" testListId="8c84fa94-04c1-424b-9868-57a2d4851a1d" />
    <TestEntry testId="ddb3944e-63cf-8e3f-d59e-59b0073e6afa" executionId="167a15fb-3b42-4ce9-b551-05eef015e9b9" testListId="8c84fa94-04c1-424b-9868-57a2d4851a1d" />
  </TestEntries>
  <TestLists>
    <TestList name="Results Not in a List" id="8c84fa94-04c1-424b-9868-57a2d4851a1d" />
    <TestList name="All Loaded Results" id="19431567-8539-422a-85d7-44ee4e166bda" />
  </TestLists>
  <ResultSummary outcome="Completed">
    <Counters total="37" executed="37" passed="37" failed="0" error="0" timeout="0" aborted="0" inconclusive="0" passedButRunAborted="0" notRunnable="0" notExecuted="0" disconnected="0" warning="0" completed="0" inProgress="0" pending="0" />
    <Output>
      <StdOut>[xUnit.net 00:00:00.00] xUnit.net VSTest Adapter v3.1.4+50e68bbb8b (64-bit .NET 10.0.7)&#xD;
[xUnit.net 00:00:01.44]   Discovering: BasePluginTests&#xD;
[xUnit.net 00:00:01.75]   Discovered:  BasePluginTests&#xD;
[xUnit.net 00:00:01.79]   Starting:    BasePluginTests&#xD;
[xUnit.net 00:00:02.90]   Finished:    BasePluginTests&#xD;
</StdOut>
    </Output>
  </ResultSummary>
</TestRun>